Files to align: 43
Modes: standard, exclusive

Lancaster City Council Meeting, Monday, April 20, 2026 [loMF...
  [standard] 1184 segments, 28 speakers, 0 unattributed -> Lancaster City Council Meeting, Monday, April 20, 2026 [loMFP_4s_KE].json
  [exclusive] 1184 segments, 28 speakers, 0 unattributed -> Lancaster City Council Meeting, Monday, April 20, 2026 [loMFP_4s_KE].json

Lancaster City Council Meeting, Monday, April 21, 2025 [-vJ1...
  [standard] 1293 segments, 24 speakers, 0 unattributed -> Lancaster City Council Meeting, Monday, April 21, 2025 [-vJ1ADdIj_k].json
  [exclusive] 1293 segments, 24 speakers, 0 unattributed -> Lancaster City Council Meeting, Monday, April 21, 2025 [-vJ1ADdIj_k].json

Lancaster City Council Meeting, Monday, April 6, 2026 [yKo84...
  [standard] 788 segments, 24 speakers, 0 unattributed -> Lancaster City Council Meeting, Monday, April 6, 2026 [yKo84wx2RZU].json
  [exclusive] 788 segments, 24 speakers, 0 unattributed -> Lancaster City Council Meeting, Monday, April 6, 2026 [yKo84wx2RZU].json

Lancaster City Council Meeting, Monday, April 7, 2025 [yMiX4...
  [standard] 1585 segments, 26 speakers, 0 unattributed -> Lancaster City Council Meeting, Monday, April 7, 2025 [yMiX4iy1DPE].json
  [exclusive] 1585 segments, 26 speakers, 0 unattributed -> Lancaster City Council Meeting, Monday, April 7, 2025 [yMiX4iy1DPE].json

Lancaster City Council Meeting, Monday, August 11, 2025 [S-t...
  [standard] 1384 segments, 26 speakers, 0 unattributed -> Lancaster City Council Meeting, Monday, August 11, 2025 [S-tIRrghidQ].json
  [exclusive] 1384 segments, 26 speakers, 0 unattributed -> Lancaster City Council Meeting, Monday, August 11, 2025 [S-tIRrghidQ].json

Lancaster City Council Meeting, Monday, August 12, 2024 [11j...
  [standard] 1024 segments, 25 speakers, 0 unattributed -> Lancaster City Council Meeting, Monday, August 12, 2024 [11j23kvMQ-k].json
  [exclusive] 1024 segments, 25 speakers, 0 unattributed -> Lancaster City Council Meeting, Monday, August 12, 2024 [11j23kvMQ-k].json

Lancaster City Council Meeting, Monday, August 25, 2025 [N4X...
  [standard] 1576 segments, 22 speakers, 0 unattributed -> Lancaster City Council Meeting, Monday, August 25, 2025 [N4XfDIt4LQk].json
  [exclusive] 1576 segments, 22 speakers, 0 unattributed -> Lancaster City Council Meeting, Monday, August 25, 2025 [N4XfDIt4LQk].json

Lancaster City Council Meeting, Monday, August 26, 2024 [RWM...
  [standard] 949 segments, 24 speakers, 0 unattributed -> Lancaster City Council Meeting, Monday, August 26, 2024 [RWMiX9VZykc].json
  [exclusive] 949 segments, 24 speakers, 0 unattributed -> Lancaster City Council Meeting, Monday, August 26, 2024 [RWMiX9VZykc].json

Lancaster City Council Meeting, Monday, December 1, 2025 [Is...
  [standard] 2067 segments, 23 speakers, 1 unattributed -> Lancaster City Council Meeting, Monday, December 1, 2025 [IsdotXbkN34].json
  [exclusive] 2067 segments, 23 speakers, 1 unattributed -> Lancaster City Council Meeting, Monday, December 1, 2025 [IsdotXbkN34].json

Lancaster City Council Meeting, Monday, December 15, 2025 [g...
  [standard] 1232 segments, 21 speakers, 2 unattributed -> Lancaster City Council Meeting, Monday, December 15, 2025 [gIkwGwP2FSo].json
  [exclusive] 1232 segments, 21 speakers, 2 unattributed -> Lancaster City Council Meeting, Monday, December 15, 2025 [gIkwGwP2FSo].json

Lancaster City Council Meeting, Monday, December 9, 2024 [qK...
  [standard] 1191 segments, 18 speakers, 0 unattributed -> Lancaster City Council Meeting, Monday, December 9, 2024 [qKXjxfwQt1o].json
  [exclusive] 1191 segments, 18 speakers, 0 unattributed -> Lancaster City Council Meeting, Monday, December 9, 2024 [qKXjxfwQt1o].json

Lancaster City Council Meeting, Monday, February 10, 2025 [j...
  [standard] 713 segments, 18 speakers, 0 unattributed -> Lancaster City Council Meeting, Monday, February 10, 2025 [jkrjeeLz6o0].json
  [exclusive] 713 segments, 18 speakers, 0 unattributed -> Lancaster City Council Meeting, Monday, February 10, 2025 [jkrjeeLz6o0].json

Lancaster City Council Meeting, Monday, February 23, 2026 [X...
  [standard] 725 segments, 14 speakers, 0 unattributed -> Lancaster City Council Meeting, Monday, February 23, 2026 [XpMxAnJL2SU].json
  [exclusive] 725 segments, 14 speakers, 0 unattributed -> Lancaster City Council Meeting, Monday, February 23, 2026 [XpMxAnJL2SU].json

Lancaster City Council Meeting, Monday, February 24, 2025 [9...
  [standard] 1286 segments, 20 speakers, 0 unattributed -> Lancaster City Council Meeting, Monday, February 24, 2025 [9IjLbXgxutg].json
  [exclusive] 1286 segments, 20 speakers, 0 unattributed -> Lancaster City Council Meeting, Monday, February 24, 2025 [9IjLbXgxutg].json

Lancaster City Council Meeting, Monday, February 9, 2026 [GI...
  [standard] 744 segments, 17 speakers, 0 unattributed -> Lancaster City Council Meeting, Monday, February 9, 2026 [GICtOChyf1E].json
  [exclusive] 744 segments, 17 speakers, 0 unattributed -> Lancaster City Council Meeting, Monday, February 9, 2026 [GICtOChyf1E].json

Lancaster City Council Meeting, Monday, January 12, 2026 [FD...
  [standard] 750 segments, 18 speakers, 1 unattributed -> Lancaster City Council Meeting, Monday, January 12, 2026 [FDeq62OqzF0].json
  [exclusive] 750 segments, 18 speakers, 1 unattributed -> Lancaster City Council Meeting, Monday, January 12, 2026 [FDeq62OqzF0].json

Lancaster City Council Meeting, Monday, January 13, 2025 [DV...
  [standard] 1300 segments, 24 speakers, 0 unattributed -> Lancaster City Council Meeting, Monday, January 13, 2025 [DVqJQv3WSZI].json
  [exclusive] 1300 segments, 24 speakers, 0 unattributed -> Lancaster City Council Meeting, Monday, January 13, 2025 [DVqJQv3WSZI].json

Lancaster City Council Meeting, Monday, January 27, 2025 [CJ...
  [standard] 723 segments, 19 speakers, 0 unattributed -> Lancaster City Council Meeting, Monday, January 27, 2025 [CJRDiIb4EFg].json
  [exclusive] 723 segments, 19 speakers, 0 unattributed -> Lancaster City Council Meeting, Monday, January 27, 2025 [CJRDiIb4EFg].json

Lancaster City Council Meeting, Monday, July 14, 2025 [kRIfI...
  [standard] 1644 segments, 25 speakers, 0 unattributed -> Lancaster City Council Meeting, Monday, July 14, 2025 [kRIfI-z2M94].json
  [exclusive] 1644 segments, 25 speakers, 0 unattributed -> Lancaster City Council Meeting, Monday, July 14, 2025 [kRIfI-z2M94].json

Lancaster City Council Meeting, Monday, July 15, 2024 [J8ZMv...
  [standard] 1123 segments, 25 speakers, 2 unattributed -> Lancaster City Council Meeting, Monday, July 15, 2024 [J8ZMvgsjwqg].json
  [exclusive] 1123 segments, 24 speakers, 2 unattributed -> Lancaster City Council Meeting, Monday, July 15, 2024 [J8ZMvgsjwqg].json

Lancaster City Council Meeting, Monday, June 23, 2025 [5IYTx...
  [standard] 730 segments, 19 speakers, 0 unattributed -> Lancaster City Council Meeting, Monday, June 23, 2025 [5IYTx9xw7sg].json
  [exclusive] 730 segments, 19 speakers, 0 unattributed -> Lancaster City Council Meeting, Monday, June 23, 2025 [5IYTx9xw7sg].json

Lancaster City Council Meeting, Monday, June 24, 2024 [TDYfj...
  [standard] 656 segments, 21 speakers, 0 unattributed -> Lancaster City Council Meeting, Monday, June 24, 2024 [TDYfjNJ0ick].json
  [exclusive] 656 segments, 21 speakers, 0 unattributed -> Lancaster City Council Meeting, Monday, June 24, 2024 [TDYfjNJ0ick].json

Lancaster City Council Meeting, Monday, June 9, 2025 [F5_4mY...
  [standard] 621 segments, 16 speakers, 0 unattributed -> Lancaster City Council Meeting, Monday, June 9, 2025 [F5_4mYpowvQ].json
  [exclusive] 621 segments, 16 speakers, 0 unattributed -> Lancaster City Council Meeting, Monday, June 9, 2025 [F5_4mYpowvQ].json

Lancaster City Council Meeting, Monday, March 10, 2025 [V0ay...
  [standard] 1019 segments, 19 speakers, 0 unattributed -> Lancaster City Council Meeting, Monday, March 10, 2025 [V0ayP_p9b_o].json
  [exclusive] 1019 segments, 19 speakers, 0 unattributed -> Lancaster City Council Meeting, Monday, March 10, 2025 [V0ayP_p9b_o].json

Lancaster City Council Meeting, Monday, March 23, 2026 [7QOn...
  [standard] 756 segments, 23 speakers, 0 unattributed -> Lancaster City Council Meeting, Monday, March 23, 2026 [7QOnfuxng2Y].json
  [exclusive] 756 segments, 23 speakers, 0 unattributed -> Lancaster City Council Meeting, Monday, March 23, 2026 [7QOnfuxng2Y].json

Lancaster City Council Meeting, Monday, March 24, 2025 [o3PV...
  [standard] 1059 segments, 22 speakers, 1 unattributed -> Lancaster City Council Meeting, Monday, March 24, 2025 [o3PVPEPR6OM].json
  [exclusive] 1059 segments, 22 speakers, 1 unattributed -> Lancaster City Council Meeting, Monday, March 24, 2025 [o3PVPEPR6OM].json

Lancaster City Council Meeting, Monday, March 9, 2026 [YaiCx...
  [standard] 742 segments, 20 speakers, 0 unattributed -> Lancaster City Council Meeting, Monday, March 9, 2026 [YaiCxaWRb8Q].json
  [exclusive] 742 segments, 20 speakers, 0 unattributed -> Lancaster City Council Meeting, Monday, March 9, 2026 [YaiCxaWRb8Q].json

Lancaster City Council Meeting, Monday, May 19, 2025 [0WjnAS...
  [standard] 796 segments, 21 speakers, 0 unattributed -> Lancaster City Council Meeting, Monday, May 19, 2025 [0WjnAS48Kk8].json
  [exclusive] 796 segments, 21 speakers, 0 unattributed -> Lancaster City Council Meeting, Monday, May 19, 2025 [0WjnAS48Kk8].json

Lancaster City Council Meeting, Monday, May 20, 2024 [2tmguA...
  [standard] 900 segments, 17 speakers, 0 unattributed -> Lancaster City Council Meeting, Monday, May 20, 2024 [2tmguAS-DQQ].json
  [exclusive] 900 segments, 17 speakers, 0 unattributed -> Lancaster City Council Meeting, Monday, May 20, 2024 [2tmguAS-DQQ].json

Lancaster City Council Meeting, Monday, May 4, 2026 [KgDZ_vX...
  [standard] Already done, skipping.
  [exclusive] Already done, skipping.

Lancaster City Council Meeting, Monday, May 5, 2025 [CP9Pe8W...
  [standard] 714 segments, 19 speakers, 0 unattributed -> Lancaster City Council Meeting, Monday, May 5, 2025 [CP9Pe8WFx9Q].json
  [exclusive] 714 segments, 19 speakers, 0 unattributed -> Lancaster City Council Meeting, Monday, May 5, 2025 [CP9Pe8WFx9Q].json

Lancaster City Council Meeting, Monday, November 17, 2025 [K...
  [standard] 1502 segments, 27 speakers, 0 unattributed -> Lancaster City Council Meeting, Monday, November 17, 2025 [K9IUoAx5d7o].json
  [exclusive] 1502 segments, 27 speakers, 0 unattributed -> Lancaster City Council Meeting, Monday, November 17, 2025 [K9IUoAx5d7o].json

Lancaster City Council Meeting, Monday, November 25, 2024 [v...
  [standard] 1681 segments, 24 speakers, 0 unattributed -> Lancaster City Council Meeting, Monday, November 25, 2024 [vIiViSOSwxg].json
  [exclusive] 1681 segments, 24 speakers, 0 unattributed -> Lancaster City Council Meeting, Monday, November 25, 2024 [vIiViSOSwxg].json

Lancaster City Council Meeting, Monday, November 3, 2025 [dP...
  [standard] 905 segments, 16 speakers, 0 unattributed -> Lancaster City Council Meeting, Monday, November 3, 2025 [dPHeeBbTJXo].json
  [exclusive] 905 segments, 16 speakers, 0 unattributed -> Lancaster City Council Meeting, Monday, November 3, 2025 [dPHeeBbTJXo].json

Lancaster City Council Meeting, Monday, November 4, 2024 [qD...
  [standard] 1058 segments, 20 speakers, 0 unattributed -> Lancaster City Council Meeting, Monday, November 4, 2024 [qDowAqXRBsM].json
  [exclusive] 1058 segments, 19 speakers, 0 unattributed -> Lancaster City Council Meeting, Monday, November 4, 2024 [qDowAqXRBsM].json

Lancaster City Council Meeting, Monday, October 14, 2024 [TJ...
  [standard] 620 segments, 18 speakers, 0 unattributed -> Lancaster City Council Meeting, Monday, October 14, 2024 [TJHV1FJbHpU].json
  [exclusive] 620 segments, 18 speakers, 0 unattributed -> Lancaster City Council Meeting, Monday, October 14, 2024 [TJHV1FJbHpU].json

Lancaster City Council Meeting, Monday, October 20, 2025 [-Q...
  [standard] 983 segments, 22 speakers, 6 unattributed -> Lancaster City Council Meeting, Monday, October 20, 2025 [-QQ5lBkeLzk].json
  [exclusive] 983 segments, 22 speakers, 6 unattributed -> Lancaster City Council Meeting, Monday, October 20, 2025 [-QQ5lBkeLzk].json

Lancaster City Council Meeting, Monday, October 28, 2024 [kt...
  [standard] 1152 segments, 23 speakers, 0 unattributed -> Lancaster City Council Meeting, Monday, October 28, 2024 [kt6h6xHiJiQ].json
  [exclusive] 1152 segments, 23 speakers, 0 unattributed -> Lancaster City Council Meeting, Monday, October 28, 2024 [kt6h6xHiJiQ].json

Lancaster City Council Meeting, Monday, October 6, 2025 [tE0...
  [standard] 668 segments, 21 speakers, 0 unattributed -> Lancaster City Council Meeting, Monday, October 6, 2025 [tE0OV0aX2-Y].json
  [exclusive] 668 segments, 21 speakers, 0 unattributed -> Lancaster City Council Meeting, Monday, October 6, 2025 [tE0OV0aX2-Y].json

Lancaster City Council Meeting, Monday, September 22, 2025 [...
  [standard] 951 segments, 22 speakers, 0 unattributed -> Lancaster City Council Meeting, Monday, September 22, 2025 [xJMQART-4CU].json
  [exclusive] 951 segments, 22 speakers, 0 unattributed -> Lancaster City Council Meeting, Monday, September 22, 2025 [xJMQART-4CU].json

Lancaster City Council Meeting, Monday, September 23, 2024 [...
  [standard] 1291 segments, 42 speakers, 0 unattributed -> Lancaster City Council Meeting, Monday, September 23, 2024 [Ai2fbuAC4nA].json
  [exclusive] 1291 segments, 42 speakers, 0 unattributed -> Lancaster City Council Meeting, Monday, September 23, 2024 [Ai2fbuAC4nA].json

Lancaster City Council Meeting, Monday, September 8, 2025 [a...
  [standard] 671 segments, 19 speakers, 1 unattributed -> Lancaster City Council Meeting, Monday, September 8, 2025 [aDttMhO0bzI].json
  [exclusive] 671 segments, 19 speakers, 1 unattributed -> Lancaster City Council Meeting, Monday, September 8, 2025 [aDttMhO0bzI].json

Lancaster City Council Meeting, Monday, September 9, 2024 [3...
  [standard] 1303 segments, 33 speakers, 0 unattributed -> Lancaster City Council Meeting, Monday, September 9, 2024 [3Q_Rgf1eNMc].json
  [exclusive] 1303 segments, 33 speakers, 0 unattributed -> Lancaster City Council Meeting, Monday, September 9, 2024 [3Q_Rgf1eNMc].json

Done.
